Microchip MPLAB XC8 Compiler V1.40 ()

Linker command line:

-W-3 --edf=D:\Program Files (x86)\Microchip\xc8\v1.40\dat\en_msgs.txt -cs \
  -h+dist/default/production\EmbeddedAlarm.production.sym \
  --cmf=dist/default/production\EmbeddedAlarm.production.cmf -z -Q16F1829 \
  -oC:\Users\larsg\AppData\Local\Temp\s15uk.2 \
  -Mdist/default/production/EmbeddedAlarm.production.map -E1 -ver=XC8 \
  -ASTACK=02041h-023efh -pstack=STACK -ACODE=00h-07FFhx4 \
  -ASTRCODE=00h-01FFFh -ASTRING=00h-0FFhx32 -ACONST=00h-0FFhx32 \
  -AENTRY=00h-0FFhx32 -ACOMMON=070h-07Fh -ABANK0=020h-06Fh \
  -ABANK1=0A0h-0EFh -ABANK2=0120h-016Fh -ABANK3=01A0h-01EFh \
  -ABANK4=0220h-026Fh -ABANK5=02A0h-02EFh -ABANK6=0320h-036Fh \
  -ABANK7=03A0h-03EFh -ABANK8=0420h-046Fh -ABANK9=04A0h-04EFh \
  -ABANK10=0520h-056Fh -ABANK11=05A0h-05EFh -ABANK12=0620h-064Fh \
  -ABIGRAM=02000h-023EFh \
  -ARAM=020h-06Fh,0A0h-0EFh,0120h-016Fh,01A0h-01EFh,0220h-026Fh,02A0h-02EFh,0320h-036Fh,03A0h-03EFh,0420h-046Fh,04A0h-04EFh,0520h-056Fh,05A0h-05EFh,0620h-064Fh \
  -AABS1=020h-07Fh,0A0h-0EFh,0120h-016Fh,01A0h-01EFh,0220h-026Fh,02A0h-02EFh,0320h-036Fh,03A0h-03EFh,0420h-046Fh,04A0h-04EFh,0520h-056Fh,05A0h-05EFh,0620h-064Fh \
  -ASFR0=00h-01Fh -ASFR1=080h-09Fh -ASFR2=0100h-011Fh -ASFR3=0180h-019Fh \
  -ASFR4=0200h-021Fh -ASFR5=0280h-029Fh -ASFR6=0300h-031Fh \
  -ASFR7=0380h-039Fh -ASFR8=0400h-041Fh -ASFR9=0480h-049Fh \
  -ASFR10=0500h-051Fh -ASFR11=0580h-059Fh -ASFR12=0600h-061Fh \
  -ASFR13=0680h-06EFh -ASFR14=0700h-076Fh -ASFR15=0780h-07EFh \
  -ASFR16=0800h-086Fh -ASFR17=0880h-08EFh -ASFR18=0900h-096Fh \
  -ASFR19=0980h-09EFh -ASFR20=0A00h-0A6Fh -ASFR21=0A80h-0AEFh \
  -ASFR22=0B00h-0B6Fh -ASFR23=0B80h-0BEFh -ASFR24=0C00h-0C6Fh \
  -ASFR25=0C80h-0CEFh -ASFR26=0D00h-0D6Fh -ASFR27=0D80h-0DEFh \
  -ASFR28=0E00h-0E6Fh -ASFR29=0E80h-0EEFh -ASFR30=0F00h-0F6Fh \
  -ASFR31=0F80h-0FEFh -preset_vec=00h,intentry=04h,init,end_init \
  -ppowerup=CODE -pcinit=CODE -pfunctab=CODE -ACONFIG=08007h-08008h \
  -pconfig=CONFIG -DCONFIG=2 -AIDLOC=08000h-08003h -pidloc=IDLOC -DIDLOC=2 \
  -AEEDATA=00h-0FFh/0F000h -peeprom_data=EEDATA -DEEDATA=2 -DCODE=2 \
  -DSTRCODE=2 -DSTRING=2 -DCONST=2 -DENTRY=2 -k \
  C:\Users\larsg\AppData\Local\Temp\s15uk.obj \
  dist/default/production\EmbeddedAlarm.production.obj 

Object code version is 3.11

Machine type is 16F1829



                Name                               Link     Load   Length Selector   Space Scale
C:\Users\larsg\AppData\Local\Temp\s15uk.obj
                end_init                             AA       AA        2        8       0
                reset_vec                             0        0        2        0       0
                config                             8007     8007        2    1000E       0
dist/default/production\EmbeddedAlarm.production.obj
                cinit                                AC       AC        B        8       0
                intentry                              4        4       A6        8       0
                text16                              290      290       1B        8       0
                text15                              2AB      2AB       1A        8       0
                text14                              307      307        7        8       0
                text13                              251      251       23        8       0
                text12                              22E      22E       23        8       0
                text11                              314      314        4        8       0
                text10                              1DF      1DF       2B        8       0
                text9                               2C5      2C5       15        8       0
                text8                               2EC      2EC       11        8       0
                text6                               2FD      2FD        A        8       0
                text5                               274      274       1C        8       0
                text4                               126      126       6F        8       0
                text3                               195      195       4A        8       0
                text2                               2DA      2DA       12        8       0
                text1                                B7       B7       6F        8       0
                maintext                            20A      20A       24        8       0
                cstackBANK0                          4B       4B       16       20       1
                cstackCOMMON                         70       70        E       70       1
                clrtext                             30E      30E        6        8       0
                bssBANK0                             20       20       2B       20       1
                stringtext                          318      318        2      630       0

TOTAL           Name                               Link     Load   Length     Space
        CLASS   STACK          

        CLASS   CODE           
                end_init                             AA       AA        2         0
                cinit                                AC       AC        B         0
                intentry                              4        4       A6         0
                reset_vec                             0        0        2         0
                text16                              290      290       1B         0
                text15                              2AB      2AB       1A         0
                text14                              307      307        7         0
                text13                              251      251       23         0
                text12                              22E      22E       23         0
                text11                              314      314        4         0
                text10                              1DF      1DF       2B         0
                text9                               2C5      2C5       15         0
                text8                               2EC      2EC       11         0
                text6                               2FD      2FD        A         0
                text5                               274      274       1C         0
                text4                               126      126       6F         0
                text3                               195      195       4A         0
                text2                               2DA      2DA       12         0
                text1                                B7       B7       6F         0
                maintext                            20A      20A       24         0
                clrtext                             30E      30E        6         0

        CLASS   STRCODE        
                stringtext                          318      318        2         0

        CLASS   STRING         

        CLASS   CONST          

        CLASS   ENTRY          

        CLASS   COMMON         
                cstackCOMMON                         70       70        E         1

        CLASS   BANK0          
                cstackBANK0                          4B       4B       16         1
                bssBANK0                             20       20       2B         1

        CLASS   BANK1          

        CLASS   BANK2          

        CLASS   BANK3          

        CLASS   BANK4          

        CLASS   BANK5          

        CLASS   BANK6          

        CLASS   BANK7          

        CLASS   BANK8          

        CLASS   BANK9          

        CLASS   BANK10         

        CLASS   BANK11         

        CLASS   BANK12         

        CLASS   BIGRAM         

        CLASS   RAM            

        CLASS   ABS1           
                abs_s1                               7E       7E        2         1

        CLASS   SFR0           

        CLASS   SFR1           

        CLASS   SFR2           

        CLASS   SFR3           

        CLASS   SFR4           

        CLASS   SFR5           

        CLASS   SFR6           

        CLASS   SFR7           

        CLASS   SFR8           

        CLASS   SFR9           

        CLASS   SFR10          

        CLASS   SFR11          

        CLASS   SFR12          

        CLASS   SFR13          

        CLASS   SFR14          

        CLASS   SFR15          

        CLASS   SFR16          

        CLASS   SFR17          

        CLASS   SFR18          

        CLASS   SFR19          

        CLASS   SFR20          

        CLASS   SFR21          

        CLASS   SFR22          

        CLASS   SFR23          

        CLASS   SFR24          

        CLASS   SFR25          

        CLASS   SFR26          

        CLASS   SFR27          

        CLASS   SFR28          

        CLASS   SFR29          

        CLASS   SFR30          

        CLASS   SFR31          

        CLASS   CONFIG         
                config                             8007     8007        2         0

        CLASS   IDLOC          

        CLASS   EEDATA         

        CLASS   BANK31         

        CLASS   BANK30         

        CLASS   BANK29         

        CLASS   BANK28         

        CLASS   BANK27         

        CLASS   BANK26         

        CLASS   BANK25         

        CLASS   BANK24         

        CLASS   BANK23         

        CLASS   BANK22         

        CLASS   BANK21         

        CLASS   BANK20         

        CLASS   BANK19         

        CLASS   BANK18         

        CLASS   BANK17         

        CLASS   BANK16         

        CLASS   BANK15         

        CLASS   BANK14         

        CLASS   BANK13         



SEGMENTS        Name                           Load    Length   Top    Selector   Space  Class     Delta

                reset_vec                      000000  000002  000002         0       0  CODE        2
                intentry                       000004  000314  000318         8       0  CODE        2
                bssBANK0                       000020  000041  000061        20       1  BANK0       1
                cstackCOMMON                   000070  00000E  00007E        70       1  COMMON      1
                stringtext                     000318  000002  00031A       630       0  STRCODE     2
                config                         008007  000002  008009     1000E       0  CONFIG      2


UNUSED ADDRESS RANGES

        Name                Unused          Largest block    Delta
        BANK0            00061-0006F               F           1
        BANK1            000A0-000EF              50           1
        BANK10           00520-0056F              50           1
        BANK11           005A0-005EF              50           1
        BANK12           00620-0064F              30           1
        BANK2            00120-0016F              50           1
        BANK3            001A0-001EF              50           1
        BANK4            00220-0026F              50           1
        BANK5            002A0-002EF              50           1
        BANK6            00320-0036F              50           1
        BANK7            003A0-003EF              50           1
        BANK8            00420-0046F              50           1
        BANK9            004A0-004EF              50           1
        BIGRAM           02000-023EF             3F0           1
        CODE             00002-00003               2           2
                         0031A-01FFF             800
        CONST            00002-00003               2           2
                         0031A-01FFF             100
        EEDATA           0F000-0F0FF             100           2
        ENTRY            00002-00003               2           2
                         0031A-01FFF             100
        IDLOC            08000-08003               4           2
        RAM              00061-0006F               F           1
                         000A0-000EF              50
                         00120-0016F              50
                         001A0-001EF              50
                         00220-0026F              50
                         002A0-002EF              50
                         00320-0036F              50
                         003A0-003EF              50
                         00420-0046F              50
                         004A0-004EF              50
                         00520-0056F              50
                         005A0-005EF              50
                         00620-0064F              30
        SFR0             00000-0001F              20           1
        SFR1             00080-0009F              20           1
        SFR10            00500-0051F              20           1
        SFR11            00580-0059F              20           1
        SFR12            00600-0061F              20           1
        SFR13            00680-006EF              70           1
        SFR14            00700-0076F              70           1
        SFR15            00780-007EF              70           1
        SFR16            00800-0086F              70           1
        SFR17            00880-008EF              70           1
        SFR18            00900-0096F              70           1
        SFR19            00980-009EF              70           1
        SFR2             00100-0011F              20           1
        SFR20            00A00-00A6F              70           1
        SFR21            00A80-00AEF              70           1
        SFR22            00B00-00B6F              70           1
        SFR23            00B80-00BEF              70           1
        SFR24            00C00-00C6F              70           1
        SFR25            00C80-00CEF              70           1
        SFR26            00D00-00D6F              70           1
        SFR27            00D80-00DEF              70           1
        SFR28            00E00-00E6F              70           1
        SFR29            00E80-00EEF              70           1
        SFR3             00180-0019F              20           1
        SFR30            00F00-00F6F              70           1
        SFR31            00F80-00FEF              70           1
        SFR4             00200-0021F              20           1
        SFR5             00280-0029F              20           1
        SFR6             00300-0031F              20           1
        SFR7             00380-0039F              20           1
        SFR8             00400-0041F              20           1
        SFR9             00480-0049F              20           1
        STACK            02041-023EF             3AF           1
        STRCODE          00002-00003               2           2
                         0031A-01FFF            1CE6
        STRING           00002-00003               2           2
                         0031A-01FFF             100

                                  Symbol Table

?_create_package              cstackCOMMON 00074
ISR@i                         cstackBANK0  00056
ISR@shouldDebounce            cstackBANK0  00054
ISR@x                         cstackBANK0  00053
UART_write@data               cstackBANK0  00058
UART_write_text@count         cstackBANK0  0005C
UART_write_text@text          cstackBANK0  00059
_ADCON0                       (abs)        0009D
_ADCON0bits                   (abs)        0009D
_ADCON1                       (abs)        0009E
_ADIF                         (abs)        0008E
_ADRES                        (abs)        0009B
_ANSELAbits                   (abs)        0018C
_APFCON0bits                  (abs)        0011D
_BAUDCONbits                  (abs)        0019F
_BRG16                        (abs)        00CFB
_INTCON                       (abs)        0000B
_IOCAFbits                    (abs)        00393
_IOCANbits                    (abs)        00392
_IOCAPbits                    (abs)        00391
_ISR                          intentry     00004
_LATC                         (abs)        0010E
_OSCCON                       (abs)        00099
_PIE1bits                     (abs)        00091
_PIE3bits                     (abs)        00093
_PIR1bits                     (abs)        00011
_PIR3bits                     (abs)        00013
_PORTA                        (abs)        0000C
_PR6                          (abs)        0041D
_RCREG                        (abs)        00199
_RCSTAbits                    (abs)        0019D
_SPBRG                        (abs)        0019B
_SPBRGH                       (abs)        0019C
_T2CON                        (abs)        0001C
_T6CON                        (abs)        0041E
_T6CONbits                    (abs)        0041E
_TMR6IF                       (abs)        0009B
_TRISAbits                    (abs)        0008C
_TRISCbits                    (abs)        0008E
_TRMT                         (abs)        00CF1
_TXREG                        (abs)        0019A
_TXSTAbits                    (abs)        0019E
_UART_write                   text6        002FD
_UART_write_text              text5        00274
__CFG_BOREN$ON                (abs)        00000
__CFG_BORV$LO                 (abs)        00000
__CFG_CLKOUTEN$OFF            (abs)        00000
__CFG_CP$OFF                  (abs)        00000
__CFG_CPD$OFF                 (abs)        00000
__CFG_FCMEN$ON                (abs)        00000
__CFG_FOSC$INTOSC             (abs)        00000
__CFG_IESO$ON                 (abs)        00000
__CFG_LVP$ON                  (abs)        00000
__CFG_MCLRE$ON                (abs)        00000
__CFG_PLLEN$OFF               (abs)        00000
__CFG_PWRTE$OFF               (abs)        00000
__CFG_STVREN$ON               (abs)        00000
__CFG_WDTE$OFF                (abs)        00000
__CFG_WRT$OFF                 (abs)        00000
__Habs1                       abs1         00000
__Hbank0                      bank0        00000
__Hbank1                      bank1        00000
__Hbank10                     bank10       00000
__Hbank11                     bank11       00000
__Hbank12                     bank12       00000
__Hbank13                     bank13       00000
__Hbank14                     bank14       00000
__Hbank15                     bank15       00000
__Hbank16                     bank16       00000
__Hbank17                     bank17       00000
__Hbank18                     bank18       00000
__Hbank19                     bank19       00000
__Hbank2                      bank2        00000
__Hbank20                     bank20       00000
__Hbank21                     bank21       00000
__Hbank22                     bank22       00000
__Hbank23                     bank23       00000
__Hbank24                     bank24       00000
__Hbank25                     bank25       00000
__Hbank26                     bank26       00000
__Hbank27                     bank27       00000
__Hbank28                     bank28       00000
__Hbank29                     bank29       00000
__Hbank3                      bank3        00000
__Hbank30                     bank30       00000
__Hbank31                     bank31       00000
__Hbank4                      bank4        00000
__Hbank5                      bank5        00000
__Hbank6                      bank6        00000
__Hbank7                      bank7        00000
__Hbank8                      bank8        00000
__Hbank9                      bank9        00000
__Hbigram                     bigram       00000
__HbssBANK0                   bssBANK0     00000
__Hcinit                      cinit        000B7
__Hclrtext                    clrtext      00000
__Hcode                       code         00000
__Hcommon                     common       00000
__Hconfig                     config       08009
__HcstackBANK0                cstackBANK0  00000
__HcstackCOMMON               cstackCOMMON 00000
__Heeprom_data                eeprom_data  00000
__Hend_init                   end_init     000AC
__Hfunctab                    functab      00000
__Hidloc                      idloc        00000
__Hinit                       init         000AA
__Hintentry                   intentry     000AA
__Hmaintext                   maintext     00000
__Hpowerup                    powerup      00000
__Hram                        ram          00000
__Hreset_vec                  reset_vec    00002
__Hsfr0                       sfr0         00000
__Hsfr1                       sfr1         00000
__Hsfr10                      sfr10        00000
__Hsfr11                      sfr11        00000
__Hsfr12                      sfr12        00000
__Hsfr13                      sfr13        00000
__Hsfr14                      sfr14        00000
__Hsfr15                      sfr15        00000
__Hsfr16                      sfr16        00000
__Hsfr17                      sfr17        00000
__Hsfr18                      sfr18        00000
__Hsfr19                      sfr19        00000
__Hsfr2                       sfr2         00000
__Hsfr20                      sfr20        00000
__Hsfr21                      sfr21        00000
__Hsfr22                      sfr22        00000
__Hsfr23                      sfr23        00000
__Hsfr24                      sfr24        00000
__Hsfr25                      sfr25        00000
__Hsfr26                      sfr26        00000
__Hsfr27                      sfr27        00000
__Hsfr28                      sfr28        00000
__Hsfr29                      sfr29        00000
__Hsfr3                       sfr3         00000
__Hsfr30                      sfr30        00000
__Hsfr31                      sfr31        00000
__Hsfr4                       sfr4         00000
__Hsfr5                       sfr5         00000
__Hsfr6                       sfr6         00000
__Hsfr7                       sfr7         00000
__Hsfr8                       sfr8         00000
__Hsfr9                       sfr9         00000
__Hspace_0                    (abs)        08009
__Hspace_1                    (abs)        0007E
__Hspace_2                    (abs)        00000
__Hspace_3                    (abs)        00000
__Hstack                      stack        00000
__Hstrings                    strings      00000
__Hstringtext                 stringtext   00000
__Htext                       text         00000
__Labs1                       abs1         00000
__Lbank0                      bank0        00000
__Lbank1                      bank1        00000
__Lbank10                     bank10       00000
__Lbank11                     bank11       00000
__Lbank12                     bank12       00000
__Lbank13                     bank13       00000
__Lbank14                     bank14       00000
__Lbank15                     bank15       00000
__Lbank16                     bank16       00000
__Lbank17                     bank17       00000
__Lbank18                     bank18       00000
__Lbank19                     bank19       00000
__Lbank2                      bank2        00000
__Lbank20                     bank20       00000
__Lbank21                     bank21       00000
__Lbank22                     bank22       00000
__Lbank23                     bank23       00000
__Lbank24                     bank24       00000
__Lbank25                     bank25       00000
__Lbank26                     bank26       00000
__Lbank27                     bank27       00000
__Lbank28                     bank28       00000
__Lbank29                     bank29       00000
__Lbank3                      bank3        00000
__Lbank30                     bank30       00000
__Lbank31                     bank31       00000
__Lbank4                      bank4        00000
__Lbank5                      bank5        00000
__Lbank6                      bank6        00000
__Lbank7                      bank7        00000
__Lbank8                      bank8        00000
__Lbank9                      bank9        00000
__Lbigram                     bigram       00000
__LbssBANK0                   bssBANK0     00000
__Lcinit                      cinit        000AC
__Lclrtext                    clrtext      00000
__Lcode                       code         00000
__Lcommon                     common       00000
__Lconfig                     config       08007
__LcstackBANK0                cstackBANK0  00000
__LcstackCOMMON               cstackCOMMON 00000
__Leeprom_data                eeprom_data  00000
__Lend_init                   end_init     000AA
__Lfunctab                    functab      00000
__Lidloc                      idloc        00000
__Linit                       init         000AA
__Lintentry                   intentry     00004
__Lmaintext                   maintext     00000
__Lpowerup                    powerup      00000
__Lram                        ram          00000
__Lreset_vec                  reset_vec    00000
__Lsfr0                       sfr0         00000
__Lsfr1                       sfr1         00000
__Lsfr10                      sfr10        00000
__Lsfr11                      sfr11        00000
__Lsfr12                      sfr12        00000
__Lsfr13                      sfr13        00000
__Lsfr14                      sfr14        00000
__Lsfr15                      sfr15        00000
__Lsfr16                      sfr16        00000
__Lsfr17                      sfr17        00000
__Lsfr18                      sfr18        00000
__Lsfr19                      sfr19        00000
__Lsfr2                       sfr2         00000
__Lsfr20                      sfr20        00000
__Lsfr21                      sfr21        00000
__Lsfr22                      sfr22        00000
__Lsfr23                      sfr23        00000
__Lsfr24                      sfr24        00000
__Lsfr25                      sfr25        00000
__Lsfr26                      sfr26        00000
__Lsfr27                      sfr27        00000
__Lsfr28                      sfr28        00000
__Lsfr29                      sfr29        00000
__Lsfr3                       sfr3         00000
__Lsfr30                      sfr30        00000
__Lsfr31                      sfr31        00000
__Lsfr4                       sfr4         00000
__Lsfr5                       sfr5         00000
__Lsfr6                       sfr6         00000
__Lsfr7                       sfr7         00000
__Lsfr8                       sfr8         00000
__Lsfr9                       sfr9         00000
__Lspace_0                    (abs)        00000
__Lspace_1                    (abs)        00000
__Lspace_2                    (abs)        00000
__Lspace_3                    (abs)        00000
__Lstack                      stack        00000
__Lstrings                    strings      00000
__Lstringtext                 stringtext   00000
__Ltext                       text         00000
__S0                          (abs)        08009
__S1                          (abs)        0007E
__S2                          (abs)        00000
__S3                          (abs)        00000
___bmul                       text2        002DA
___bmul@multiplicand          cstackBANK0  00058
___bmul@multiplier            cstackBANK0  0005B
___bmul@product               cstackBANK0  0005A
___int_sp                     stack        00000
___latbits                    (abs)        00002
___sp                         stack        00000
__end_of_ISR                  intentry     000AA
__end_of_UART_write           text6        00307
__end_of_UART_write_text      text5        00290
__end_of___bmul               text2        002EC
__end_of__initialization      cinit        000B3
__end_of_autoBaud             text4        00195
__end_of_create_package       text16       002AB
__end_of_default_handler      text12       00251
__end_of_get_value            text15       002C5
__end_of_initialize_PIC       text3        001DF
__end_of_initialize_sensors   text1        00126
__end_of_main                 maintext     0022E
__end_of_post_debounce        text10       0020A
__end_of_pre_debounce         text9        002DA
__end_of_switch_handler       text11       00318
__end_of_temperature_handler  text13       00274
__end_ofi1_UART_write         text14       0030E
__end_ofi1___bmul             text8        002FD
__initialization              cinit        000AC
__pbssBANK0                   bssBANK0     00020
__pcstackBANK0                cstackBANK0  0004B
__pcstackCOMMON               cstackCOMMON 00070
__pintentry                   intentry     00004
__pmaintext                   maintext     0020A
__pstringtext                 stringtext   00318
__ptext1                      text1        000B7
__ptext10                     text10       001DF
__ptext11                     text11       00314
__ptext12                     text12       0022E
__ptext13                     text13       00251
__ptext14                     text14       00307
__ptext15                     text15       002AB
__ptext16                     text16       00290
__ptext2                      text2        002DA
__ptext3                      text3        00195
__ptext4                      text4        00126
__ptext5                      text5        00274
__ptext6                      text6        002FD
__ptext8                      text8        002EC
__ptext9                      text9        002C5
__size_of_ISR                 (abs)        00000
__size_of_UART_write          (abs)        00000
__size_of_UART_write_text     (abs)        00000
__size_of___bmul              (abs)        00000
__size_of_autoBaud            (abs)        00000
__size_of_create_package      (abs)        00000
__size_of_default_handler     (abs)        00000
__size_of_get_value           (abs)        00000
__size_of_initialize_PIC      (abs)        00000
__size_of_initialize_sensors  (abs)        00000
__size_of_main                (abs)        00000
__size_of_post_debounce       (abs)        00000
__size_of_pre_debounce        (abs)        00000
__size_of_switch_handler      (abs)        00000
__size_of_temperature_handler (abs)        00000
__size_ofi1_UART_write        (abs)        00000
__size_ofi1___bmul            (abs)        00000
_autoBaud                     text4        00126
_create_package               text16       00290
_default_handler              text12       0022E
_get_value                    text15       002AB
_initialize_PIC               text3        00195
_initialize_sensors           text1        000B7
_main                         maintext     0020A
_post_debounce                text10       001DF
_pre_debounce                 text9        002C5
_sensors                      bssBANK0     00021
_should_autobaud              bssBANK0     00020
_switch_handler               text11       00314
_temperature_handler          text13       00251
autoBaud@discard              cstackBANK0  00059
autoBaud@index                cstackBANK0  0005C
autoBaud@sync_count           cstackBANK0  0005A
btemp                         (abs)        0007E
clear_ram0                    clrtext      0030E
create_package@extended       cstackCOMMON 00076
create_package@index          cstackCOMMON 00078
create_package@package        cstackCOMMON 00079
create_package@value          cstackCOMMON 00074
default_handler@package       cstackBANK0  0004D
default_handler@sensor        cstackCOMMON 0007C
end_of_initialization         cinit        000B3
get_value@sensor              cstackCOMMON 00073
i1UART_write@data             cstackCOMMON 00070
i1_UART_write                 text14       00307
i1___bmul                     text8        002EC
i1___bmul@multiplicand        cstackCOMMON 00070
i1___bmul@multiplier          cstackCOMMON 00072
i1___bmul@product             cstackCOMMON 00073
initialize_sensors@i          cstackBANK0  0005F
int$flags                     (abs)        0007E
intlevel0                     functab      00000
intlevel1                     functab      00000
intlevel2                     functab      00000
intlevel3                     functab      00000
intlevel4                     functab      00000
intlevel5                     functab      00000
post_debounce@sensor          cstackBANK0  00050
pre_debounce@sensor           cstackCOMMON 00075
reset_vec                     reset_vec    00000
stackhi                       (abs)        023EF
stacklo                       (abs)        02041
start                         init         000AA
start_initialization          cinit        000AC
switch_handler@sensor         cstackCOMMON 0007C
temperature_handler@package   cstackBANK0  0004B
temperature_handler@sensor    cstackCOMMON 0007C
wtemp0                        (abs)        0007E


FUNCTION INFORMATION:

 *************** function _main *****************
 Defined at:
		line 62 in file "main.c"
 Parameters:    Size  Location     Type
		None
 Auto vars:     Size  Location     Type
		None
 Return value:  Size  Location     Type
                  2   90[None  ] int 
 Registers used:
		wreg, fsr0l, fsr0h, fsr1l, fsr1h, status,2, status,0, pclath, cstack
 Tracked objects:
		On entry : 
		On exit  : 
		Unchanged: 
 Data sizes:     COMMON   BANK0   BANK1   BANK2   BANK3   BANK4   BANK5   BANK6   BANK7   BANK8   BANK9  BANK10  BANK11  BANK12
      Params:         0       0       0       0       0       0       0       0       0       0       0       0       0       0
      Locals:         0       0       0       0       0       0       0       0       0       0       0       0       0       0
      Temps:          0       0       0       0       0       0       0       0       0       0       0       0       0       0
      Totals:         0       0       0       0       0       0       0       0       0       0       0       0       0       0
Total ram usage:        0 bytes
 Hardware stack levels required when called:    6
 This function calls:
		_UART_write_text
		_autoBaud
		_initialize_PIC
		_initialize_sensors
 This function is called by:
		Startup code after reset
 This function uses a non-reentrant model


 *************** function _initialize_sensors *****************
 Defined at:
		line 239 in file "main.c"
 Parameters:    Size  Location     Type
		None
 Auto vars:     Size  Location     Type
  i               2   20[BANK0 ] int 
 Return value:  Size  Location     Type
                  1    wreg      void 
 Registers used:
		wreg, fsr1l, fsr1h, status,2, status,0, pclath, cstack
 Tracked objects:
		On entry : 
		On exit  : 
		Unchanged: 
 Data sizes:     COMMON   BANK0   BANK1   BANK2   BANK3   BANK4   BANK5   BANK6   BANK7   BANK8   BANK9  BANK10  BANK11  BANK12
      Params:         0       0       0       0       0       0       0       0       0       0       0       0       0       0
      Locals:         0       2       0       0       0       0       0       0       0       0       0       0       0       0
      Temps:          0       3       0       0       0       0       0       0       0       0       0       0       0       0
      Totals:         0       5       0       0       0       0       0       0       0       0       0       0       0       0
Total ram usage:        5 bytes
 Hardware stack levels used:    1
 Hardware stack levels required when called:    5
 This function calls:
		___bmul
 This function is called by:
		_main
 This function uses a non-reentrant model


 *************** function ___bmul *****************
 Defined at:
		line 4 in file "D:\Program Files (x86)\Microchip\xc8\v1.40\sources\common\Umul8.c"
 Parameters:    Size  Location     Type
  multiplier      1    wreg     unsigned char 
  multiplicand    1   13[BANK0 ] unsigned char 
 Auto vars:     Size  Location     Type
  multiplier      1   16[BANK0 ] unsigned char 
  product         1   15[BANK0 ] unsigned char 
 Return value:  Size  Location     Type
                  1    wreg      unsigned char 
 Registers used:
		wreg, status,2, status,0
 Tracked objects:
		On entry : 
		On exit  : 
		Unchanged: 
 Data sizes:     COMMON   BANK0   BANK1   BANK2   BANK3   BANK4   BANK5   BANK6   BANK7   BANK8   BANK9  BANK10  BANK11  BANK12
      Params:         0       1       0       0       0       0       0       0       0       0       0       0       0       0
      Locals:         0       2       0       0       0       0       0       0       0       0       0       0       0       0
      Temps:          0       1       0       0       0       0       0       0       0       0       0       0       0       0
      Totals:         0       4       0       0       0       0       0       0       0       0       0       0       0       0
Total ram usage:        4 bytes
 Hardware stack levels used:    1
 Hardware stack levels required when called:    4
 This function calls:
		Nothing
 This function is called by:
		_initialize_sensors
		_ISR
 This function uses a non-reentrant model


 *************** function _initialize_PIC *****************
 Defined at:
		line 136 in file "main.c"
 Parameters:    Size  Location     Type
		None
 Auto vars:     Size  Location     Type
		None
 Return value:  Size  Location     Type
                  1    wreg      void 
 Registers used:
		wreg, status,2
 Tracked objects:
		On entry : 
		On exit  : 
		Unchanged: 
 Data sizes:     COMMON   BANK0   BANK1   BANK2   BANK3   BANK4   BANK5   BANK6   BANK7   BANK8   BANK9  BANK10  BANK11  BANK12
      Params:         0       0       0       0       0       0       0       0       0       0       0       0       0       0
      Locals:         0       0       0       0       0       0       0       0       0       0       0       0       0       0
      Temps:          0       0       0       0       0       0       0       0       0       0       0       0       0       0
      Totals:         0       0       0       0       0       0       0       0       0       0       0       0       0       0
Total ram usage:        0 bytes
 Hardware stack levels used:    1
 Hardware stack levels required when called:    4
 This function calls:
		Nothing
 This function is called by:
		_main
 This function uses a non-reentrant model


 *************** function _autoBaud *****************
 Defined at:
		line 254 in file "main.c"
 Parameters:    Size  Location     Type
		None
 Auto vars:     Size  Location     Type
  index           2   17[BANK0 ] int 
  sync_count      2   15[BANK0 ] int 
  discard         1   14[BANK0 ] unsigned char 
 Return value:  Size  Location     Type
                  1    wreg      void 
 Registers used:
		wreg, fsr0l, fsr0h, status,2, status,0
 Tracked objects:
		On entry : 
		On exit  : 
		Unchanged: 
 Data sizes:     COMMON   BANK0   BANK1   BANK2   BANK3   BANK4   BANK5   BANK6   BANK7   BANK8   BANK9  BANK10  BANK11  BANK12
      Params:         0       0       0       0       0       0       0       0       0       0       0       0       0       0
      Locals:         0       5       0       0       0       0       0       0       0       0       0       0       0       0
      Temps:          0       1       0       0       0       0       0       0       0       0       0       0       0       0
      Totals:         0       6       0       0       0       0       0       0       0       0       0       0       0       0
Total ram usage:        6 bytes
 Hardware stack levels used:    1
 Hardware stack levels required when called:    4
 This function calls:
		Nothing
 This function is called by:
		_main
 This function uses a non-reentrant model


 *************** function _UART_write_text *****************
 Defined at:
		line 127 in file "main.c"
 Parameters:    Size  Location     Type
  text            2   14[BANK0 ] PTR unsigned char 
		 -> STR_1(2), 
 Auto vars:     Size  Location     Type
  count           2   17[BANK0 ] int 
 Return value:  Size  Location     Type
                  1    wreg      void 
 Registers used:
		wreg, fsr0l, fsr0h, status,2, status,0, pclath, cstack
 Tracked objects:
		On entry : 
		On exit  : 
		Unchanged: 
 Data sizes:     COMMON   BANK0   BANK1   BANK2   BANK3   BANK4   BANK5   BANK6   BANK7   BANK8   BANK9  BANK10  BANK11  BANK12
      Params:         0       2       0       0       0       0       0       0       0       0       0       0       0       0
      Locals:         0       2       0       0       0       0       0       0       0       0       0       0       0       0
      Temps:          0       1       0       0       0       0       0       0       0       0       0       0       0       0
      Totals:         0       5       0       0       0       0       0       0       0       0       0       0       0       0
Total ram usage:        5 bytes
 Hardware stack levels used:    1
 Hardware stack levels required when called:    5
 This function calls:
		_UART_write
 This function is called by:
		_main
 This function uses a non-reentrant model


 *************** function _UART_write *****************
 Defined at:
		line 121 in file "main.c"
 Parameters:    Size  Location     Type
  data            1    wreg     unsigned char 
 Auto vars:     Size  Location     Type
  data            1   13[BANK0 ] unsigned char 
 Return value:  Size  Location     Type
                  1    wreg      void 
 Registers used:
		wreg
 Tracked objects:
		On entry : 
		On exit  : 
		Unchanged: 
 Data sizes:     COMMON   BANK0   BANK1   BANK2   BANK3   BANK4   BANK5   BANK6   BANK7   BANK8   BANK9  BANK10  BANK11  BANK12
      Params:         0       0       0       0       0       0       0       0       0       0       0       0       0       0
      Locals:         0       1       0       0       0       0       0       0       0       0       0       0       0       0
      Temps:          0       0       0       0       0       0       0       0       0       0       0       0       0       0
      Totals:         0       1       0       0       0       0       0       0       0       0       0       0       0       0
Total ram usage:        1 bytes
 Hardware stack levels used:    1
 Hardware stack levels required when called:    4
 This function calls:
		Nothing
 This function is called by:
		_UART_write_text
 This function uses a non-reentrant model


 *************** function _ISR *****************
 Defined at:
		line 317 in file "main.c"
 Parameters:    Size  Location     Type
		None
 Auto vars:     Size  Location     Type
  i               2   11[BANK0 ] int 
  x               1    8[BANK0 ] unsigned char 
  shouldDeboun    2    9[BANK0 ] int 
 Return value:  Size  Location     Type
                  1    wreg      void 
 Registers used:
		wreg, fsr0l, fsr0h, fsr1l, fsr1h, status,2, status,0, pclath, cstack
 Tracked objects:
		On entry : 
		On exit  : 
		Unchanged: 
 Data sizes:     COMMON   BANK0   BANK1   BANK2   BANK3   BANK4   BANK5   BANK6   BANK7   BANK8   BANK9  BANK10  BANK11  BANK12
      Params:         0       0       0       0       0       0       0       0       0       0       0       0       0       0
      Locals:         0       5       0       0       0       0       0       0       0       0       0       0       0       0
      Temps:          0       2       0       0       0       0       0       0       0       0       0       0       0       0
      Totals:         0       7       0       0       0       0       0       0       0       0       0       0       0       0
Total ram usage:        7 bytes
 Hardware stack levels used:    1
 Hardware stack levels required when called:    3
 This function calls:
		_default_handler
		_post_debounce
		_pre_debounce
		_switch_handler
		_temperature_handler
		i1___bmul
 This function is called by:
		Interrupt level 1
 This function uses a non-reentrant model


 *************** function i1___bmul *****************
 Defined at:
		line 4 in file "D:\Program Files (x86)\Microchip\xc8\v1.40\sources\common\Umul8.c"
 Parameters:    Size  Location     Type
  multiplier      1    wreg     unsigned char 
  multiplicand    1    0[COMMON] unsigned char 
 Auto vars:     Size  Location     Type
  multiplier      1    2[COMMON] unsigned char 
  __bmul          1    3[COMMON] unsigned char 
 Return value:  Size  Location     Type
                  1    wreg      unsigned char 
 Registers used:
		wreg, status,2, status,0
 Tracked objects:
		On entry : 
		On exit  : 
		Unchanged: 
 Data sizes:     COMMON   BANK0   BANK1   BANK2   BANK3   BANK4   BANK5   BANK6   BANK7   BANK8   BANK9  BANK10  BANK11  BANK12
      Params:         1       0       0       0       0       0       0       0       0       0       0       0       0       0
      Locals:         2       0       0       0       0       0       0       0       0       0       0       0       0       0
      Temps:          1       0       0       0       0       0       0       0       0       0       0       0       0       0
      Totals:         4       0       0       0       0       0       0       0       0       0       0       0       0       0
Total ram usage:        4 bytes
 Hardware stack levels used:    1
 This function calls:
		Nothing
 This function is called by:
		_ISR
 This function uses a non-reentrant model


 *************** function _pre_debounce *****************
 Defined at:
		line 9 in file "sensor.c"
 Parameters:    Size  Location     Type
  sensor          1    wreg     PTR struct sensor_t
		 -> sensors(42), 
 Auto vars:     Size  Location     Type
  sensor          1    5[COMMON] PTR struct sensor_t
		 -> sensors(42), 
 Return value:  Size  Location     Type
                  1    wreg      void 
 Registers used:
		wreg, fsr0l, fsr0h, fsr1l, fsr1h, status,2, status,0, pclath, cstack
 Tracked objects:
		On entry : 
		On exit  : 
		Unchanged: 
 Data sizes:     COMMON   BANK0   BANK1   BANK2   BANK3   BANK4   BANK5   BANK6   BANK7   BANK8   BANK9  BANK10  BANK11  BANK12
      Params:         0       0       0       0       0       0       0       0       0       0       0       0       0       0
      Locals:         1       0       0       0       0       0       0       0       0       0       0       0       0       0
      Temps:          1       0       0       0       0       0       0       0       0       0       0       0       0       0
      Totals:         2       0       0       0       0       0       0       0       0       0       0       0       0       0
Total ram usage:        2 bytes
 Hardware stack levels used:    1
 Hardware stack levels required when called:    1
 This function calls:
		_get_value
 This function is called by:
		_ISR
 This function uses a non-reentrant model


 *************** function _post_debounce *****************
 Defined at:
		line 14 in file "sensor.c"
 Parameters:    Size  Location     Type
  sensor          1    wreg     PTR struct sensor_t
		 -> sensors(42), 
 Auto vars:     Size  Location     Type
  sensor          1    5[BANK0 ] PTR struct sensor_t
		 -> sensors(42), 
 Return value:  Size  Location     Type
                  1    wreg      void 
 Registers used:
		wreg, fsr0l, fsr0h, fsr1l, fsr1h, status,2, status,0, pclath, cstack
 Tracked objects:
		On entry : 
		On exit  : 
		Unchanged: 
 Data sizes:     COMMON   BANK0   BANK1   BANK2   BANK3   BANK4   BANK5   BANK6   BANK7   BANK8   BANK9  BANK10  BANK11  BANK12
      Params:         0       0       0       0       0       0       0       0       0       0       0       0       0       0
      Locals:         0       1       0       0       0       0       0       0       0       0       0       0       0       0
      Temps:          1       0       0       0       0       0       0       0       0       0       0       0       0       0
      Totals:         1       1       0       0       0       0       0       0       0       0       0       0       0       0
Total ram usage:        2 bytes
 Hardware stack levels used:    1
 Hardware stack levels required when called:    2
 This function calls:
		_default_handler
		_get_value
		_switch_handler
		_temperature_handler
 This function is called by:
		_ISR
 This function uses a non-reentrant model


 *************** function _switch_handler *****************
 Defined at:
		line 117 in file "main.c"
 Parameters:    Size  Location     Type
  sensor          1   12[COMMON] PTR struct sensor_t
		 -> sensors(42), 
 Auto vars:     Size  Location     Type
		None
 Return value:  Size  Location     Type
                  1    wreg      void 
 Registers used:
		None
 Tracked objects:
		On entry : 
		On exit  : 
		Unchanged: 
 Data sizes:     COMMON   BANK0   BANK1   BANK2   BANK3   BANK4   BANK5   BANK6   BANK7   BANK8   BANK9  BANK10  BANK11  BANK12
      Params:         1       0       0       0       0       0       0       0       0       0       0       0       0       0
      Locals:         0       0       0       0       0       0       0       0       0       0       0       0       0       0
      Temps:          0       0       0       0       0       0       0       0       0       0       0       0       0       0
      Totals:         1       0       0       0       0       0       0       0       0       0       0       0       0       0
Total ram usage:        1 bytes
 Hardware stack levels used:    1
 This function calls:
		Nothing
 This function is called by:
		_initialize_sensors
		_post_debounce
		_ISR
 This function uses a non-reentrant model


 *************** function _default_handler *****************
 Defined at:
		line 104 in file "main.c"
 Parameters:    Size  Location     Type
  sensor          1   12[COMMON] PTR struct sensor_t
		 -> sensors(42), 
 Auto vars:     Size  Location     Type
  package         3    2[BANK0 ] struct package_t
 Return value:  Size  Location     Type
                  1    wreg      void 
 Registers used:
		wreg, fsr0l, fsr0h, fsr1l, fsr1h, status,2, status,0, pclath, cstack
 Tracked objects:
		On entry : 
		On exit  : 
		Unchanged: 
 Data sizes:     COMMON   BANK0   BANK1   BANK2   BANK3   BANK4   BANK5   BANK6   BANK7   BANK8   BANK9  BANK10  BANK11  BANK12
      Params:         1       0       0       0       0       0       0       0       0       0       0       0       0       0
      Locals:         0       3       0       0       0       0       0       0       0       0       0       0       0       0
      Temps:          0       2       0       0       0       0       0       0       0       0       0       0       0       0
      Totals:         1       5       0       0       0       0       0       0       0       0       0       0       0       0
Total ram usage:        6 bytes
 Hardware stack levels used:    1
 Hardware stack levels required when called:    1
 This function calls:
		_create_package
		_get_value
		i1_UART_write
 This function is called by:
		_initialize_sensors
		_post_debounce
		_ISR
 This function uses a non-reentrant model


 *************** function _temperature_handler *****************
 Defined at:
		line 110 in file "main.c"
 Parameters:    Size  Location     Type
  sensor          1   12[COMMON] PTR struct sensor_t
		 -> sensors(42), 
 Auto vars:     Size  Location     Type
  package         3    0[BANK0 ] struct package_t
 Return value:  Size  Location     Type
                  1    wreg      void 
 Registers used:
		wreg, fsr1l, fsr1h, status,2, status,0, pclath, cstack
 Tracked objects:
		On entry : 
		On exit  : 
		Unchanged: 
 Data sizes:     COMMON   BANK0   BANK1   BANK2   BANK3   BANK4   BANK5   BANK6   BANK7   BANK8   BANK9  BANK10  BANK11  BANK12
      Params:         1       0       0       0       0       0       0       0       0       0       0       0       0       0
      Locals:         0       3       0       0       0       0       0       0       0       0       0       0       0       0
      Temps:          0       0       0       0       0       0       0       0       0       0       0       0       0       0
      Totals:         1       3       0       0       0       0       0       0       0       0       0       0       0       0
Total ram usage:        4 bytes
 Hardware stack levels used:    1
 Hardware stack levels required when called:    1
 This function calls:
		_create_package
		i1_UART_write
 This function is called by:
		_initialize_sensors
		_post_debounce
		_ISR
 This function uses a non-reentrant model


 *************** function i1_UART_write *****************
 Defined at:
		line 121 in file "main.c"
 Parameters:    Size  Location     Type
  data            1    wreg     unsigned char 
 Auto vars:     Size  Location     Type
  data            1    0[COMMON] unsigned char 
 Return value:  Size  Location     Type
                  1    wreg      void 
 Registers used:
		wreg
 Tracked objects:
		On entry : 
		On exit  : 
		Unchanged: 
 Data sizes:     COMMON   BANK0   BANK1   BANK2   BANK3   BANK4   BANK5   BANK6   BANK7   BANK8   BANK9  BANK10  BANK11  BANK12
      Params:         0       0       0       0       0       0       0       0       0       0       0       0       0       0
      Locals:         1       0       0       0       0       0       0       0       0       0       0       0       0       0
      Temps:          0       0       0       0       0       0       0       0       0       0       0       0       0       0
      Totals:         1       0       0       0       0       0       0       0       0       0       0       0       0       0
Total ram usage:        1 bytes
 Hardware stack levels used:    1
 This function calls:
		Nothing
 This function is called by:
		_default_handler
		_temperature_handler
 This function uses a non-reentrant model


 *************** function _get_value *****************
 Defined at:
		line 5 in file "sensor.c"
 Parameters:    Size  Location     Type
  sensor          1    wreg     PTR struct sensor_t
		 -> sensors(42), 
 Auto vars:     Size  Location     Type
  sensor          1    3[COMMON] PTR struct sensor_t
		 -> sensors(42), 
 Return value:  Size  Location     Type
                  1    wreg      unsigned char 
 Registers used:
		wreg, fsr0l, fsr0h, fsr1l, fsr1h, status,2, status,0
 Tracked objects:
		On entry : 
		On exit  : 
		Unchanged: 
 Data sizes:     COMMON   BANK0   BANK1   BANK2   BANK3   BANK4   BANK5   BANK6   BANK7   BANK8   BANK9  BANK10  BANK11  BANK12
      Params:         0       0       0       0       0       0       0       0       0       0       0       0       0       0
      Locals:         1       0       0       0       0       0       0       0       0       0       0       0       0       0
      Temps:          3       0       0       0       0       0       0       0       0       0       0       0       0       0
      Totals:         4       0       0       0       0       0       0       0       0       0       0       0       0       0
Total ram usage:        4 bytes
 Hardware stack levels used:    1
 This function calls:
		Nothing
 This function is called by:
		_default_handler
		_pre_debounce
		_post_debounce
 This function uses a non-reentrant model


 *************** function _create_package *****************
 Defined at:
		line 93 in file "main.c"
 Parameters:    Size  Location     Type
  index           1    wreg     unsigned char 
  value           2    4[COMMON] unsigned short 
  extended        1    6[COMMON] unsigned char 
 Auto vars:     Size  Location     Type
  index           1    8[COMMON] unsigned char 
  package         3    9[COMMON] struct package_t
 Return value:  Size  Location     Type
                  3    4[COMMON] struct package_t
 Registers used:
		wreg, status,2, status,0
 Tracked objects:
		On entry : 
		On exit  : 
		Unchanged: 
 Data sizes:     COMMON   BANK0   BANK1   BANK2   BANK3   BANK4   BANK5   BANK6   BANK7   BANK8   BANK9  BANK10  BANK11  BANK12
      Params:         3       0       0       0       0       0       0       0       0       0       0       0       0       0
      Locals:         4       0       0       0       0       0       0       0       0       0       0       0       0       0
      Temps:          1       0       0       0       0       0       0       0       0       0       0       0       0       0
      Totals:         8       0       0       0       0       0       0       0       0       0       0       0       0       0
Total ram usage:        8 bytes
 Hardware stack levels used:    1
 This function calls:
		Nothing
 This function is called by:
		_default_handler
		_temperature_handler
 This function uses a non-reentrant model



MODULE INFORMATION

Module		Function		Class		Link	Load	Size
sensor.c
		_get_value     		CODE           	02AB	0000	27
		_pre_debounce  		CODE           	02C5	0000	22
		_post_debounce 		CODE           	01DF	0000	44

sensor.c estimated size: 93

D:\Program Files (x86)\Microchip\xc8\v1.40\sources\common\Umul8.c
		___bmul        		CODE           	02DA	0000	19

D:\Program Files (x86)\Microchip\xc8\v1.40\sources\common\Umul8.c estimated size: 19

shared
		i1_UART_write  		CODE           	0307	0000	8
		__initialization		CODE           	00AC	0000	8
		i1___bmul      		CODE           	02EC	0000	18

shared estimated size: 34

main.c
		_ISR           		CODE           	0004	0000	167
		_main          		CODE           	020A	0000	37
		_autoBaud      		CODE           	0126	0000	112
		_UART_write_text		CODE           	0274	0000	29
		_temperature_handler		CODE           	0251	0000	36
		_create_package		CODE           	0290	0000	28
		_initialize_sensors		CODE           	00B7	0000	112
		_default_handler		CODE           	022E	0000	36
		_switch_handler		CODE           	0314	0000	5
		_UART_write    		CODE           	02FD	0000	11
		_initialize_PIC		CODE           	0195	0000	75

main.c estimated size: 648

